<html>
<body>
<pre>
<h1>µVision Build Log</h1>
<h2>Project:</h2>
C:\Users\Chana\OneDrive\2018Spring_CSULB\CECS447_Microcontroller\Projects\FinalProject\src\MCU1_BT_on_Car\MCU1_BT_on_Car.uvproj
Project File Date:  04/26/2018

<h2>Output:</h2>
Rebuild target 'UART'
assembling startup.s...
compiling MCU1_BT_on_Car.c...
compiling PLL.c...
compiling UART.c...
linking...
Program Size: Code=2492 RO-data=116 RW-data=16 ZI-data=1120  
".\UART.axf" - 0 Error(s), 0 Warning(s).
Load "C:\\Users\\Chana\\OneDrive\\2018Spring_CSULB\\CECS447_Microcontroller\\Projects\\FinalProject\\src\\MCU1_BT_on_Car\\UART.axf" 
Connecting: Mode=JTAG, Speed=1000000Hz
Erase Done.
Programming Done.
Verify OK.
</pre>
</body>
</html>
 messages.
".\UART.axf" - 1 Error(s), 1 Warning(s).
Target not created
rget not created
er "Time_H" is undefined
              Time_H = 10; Time_L = 5;
MCU1_BT_on_Car.c(220): error:  #20: identifier "Time_L" is undefined
              Time_H = 10; Time_L = 5;
MCU1_BT_on_Car.c(223): error:  #20: identifier "Time_H" is undefined
              Time_H = Time_L = 5;
MCU1_BT_on_Car.c(223): error:  #20: identifier "Time_L" is undefined
              Time_H = Time_L = 5;
MCU1_BT_on_Car.c(231): error:  #20: identifier "Time_H" is undefined
          if(IR_current_time >= Time_H-1){
MCU1_BT_on_Car.c: 1 warning, 8 errors
compiling PLL.c...
compiling UART.c...
".\UART.axf" - 8 Error(s), 1 Warning(s).
Target not created
