<html>
<body>
<pre>
<h1>µVision Build Log</h1>
<h2>Project:</h2>
C:\Users\Chana\OneDrive\2018Spring_CSULB\CECS447_Microcontroller\Projects\FinalProject\src\MCU1_BT_on_Car\MCU1_BT_on_Car.uvproj
Project File Date:  04/25/2018

<h2>Output:</h2>
Rebuild target 'UART'
assembling startup.s...
compiling MCU1_BT_on_Car.c...
compiling PLL.c...
compiling UART.c...
linking...
Program Size: Code=1988 RO-data=32 RW-data=16 ZI-data=1120  
".\UART.axf" - 0 Error(s), 0 Warning(s).
Load "C:\\Users\\Chana\\OneDrive\\2018Spring_CSULB\\CECS447_Microcontroller\\Projects\\FinalProject\\src\\MCU1_BT_on_Car\\UART.axf" 
Connecting: Mode=JTAG, Speed=1000000Hz
Erase Done.
Programming Done.
Verify OK.
Load "C:\\Users\\Chana\\OneDrive\\2018Spring_CSULB\\CECS447_Microcontroller\\Projects\\FinalProject\\src\\MCU1_BT_on_Car\\UART.axf" 
Connecting: Mode=JTAG, Speed=1000000Hz
Erase Done.
Programming Done.
Verify OK.
Load "C:\\Users\\Chana\\OneDrive\\2018Spring_CSULB\\CECS447_Microcontroller\\Projects\\FinalProject\\src\\MCU1_BT_on_Car\\UART.axf" 
Connecting: Mode=JTAG, Speed=1000000Hz
Erase Done.
Programming Done.
Verify OK.
