<html>
<body>
<pre>
<h1>µVision Build Log</h1>
<h2>Project:</h2>
C:\Users\Chana\OneDrive\2018Spring_CSULB\CECS447_Microcontroller\Projects\FinalProject\src\MCU2_IR_Receiver_and_Display\MCU2_IR_Receiver_and_Display.uvproj
Project File Date:  05/07/2018

<h2>Output:</h2>
Rebuild target 'PWM'
assembling startup.s...
compiling MCU2_IR_Receiver_and_Display.c...
compiling PLL.c...
compiling UART.c...
compiling ST7735.c...
linking...
Program Size: Code=5568 RO-data=26628 RW-data=72 ZI-data=1120  
".\PWM.axf" - 0 Error(s), 0 Warning(s).
</pre>
</body>
</html>
