<html>
<body>
<pre>
<h1>µVision Build Log</h1>
<h2>Project:</h2>
C:\Users\Chana\OneDrive\2018Spring_CSULB\CECS447_Microcontroller\Projects\FinalProject\src\MCU1_to_config_BT\MCU1_to_config_BT.uvproj
Project File Date:  05/02/2018

<h2>Output:</h2>
Rebuild target 'UART'
assembling startup.s...
compiling PLL.c...
compiling UART.c...
compiling MCU1_to_config_BT.c...
linking...
Program Size: Code=2064 RO-data=32 RW-data=8 ZI-data=1120  
".\UART.axf" - 0 Error(s), 0 Warning(s).
Load "C:\\Users\\Chana\\OneDrive\\2018Spring_CSULB\\CECS447_Microcontroller\\Projects\\FinalProject\\src\\MCU1_to_config_BT\\UART.axf" 
Connecting: Mode=JTAG, Speed=1000000Hz
Unable to initialize device!, error code=4
Error: Flash Download failed  -  Target DLL has been cancelled
Load "C:\\Users\\Chana\\OneDrive\\2018Spring_CSULB\\CECS447_Microcontroller\\Projects\\FinalProject\\src\\MCU1_to_config_BT\\UART.axf" 
Connecting: Mode=JTAG, Speed=1000000Hz
Unable to initialize device!, error code=4
Error: Flash Download failed  -  Target DLL has been cancelled
</pre>
</body>
</html>
